### environment
chromium: Chromium 151.0.7922.108 built on Debian GNU/Linux 12 (bookworm)
kernel:   6.10.11-linuxkit aarch64
cgroup:   cpuset cpu io memory hugetlb pids rdma
mem.max:  4294967296
cpu.max:  400000 100000
profile:  canonical
memory.current before browser: 61599744
memory.current with idle browser: 353955840
browser-only floor: 278 MiB
== chromedp ==
   jobs=100 fail=0 jobs/s=1.41 p50=434.5ms p95=1081.2ms p99=8015.2ms ctlRSS=12436KB
== chromedp-cdproto ==
   jobs=100 fail=0 jobs/s=5.96 p50=86.6ms p95=447.4ms p99=543.6ms ctlRSS=12920KB
== rod-canon ==
   jobs=100 fail=0 jobs/s=2.81 p50=347.7ms p95=385.2ms p99=467.4ms ctlRSS=14740KB
== rod-default ==
   jobs=100 fail=0 jobs/s=2.85 p50=345.9ms p95=366.9ms p99=527.8ms ctlRSS=14920KB
== cdp-min ==
   jobs=100 fail=0 jobs/s=19.91 p50=48.0ms p95=59.9ms p99=74.9ms ctlRSS=15588KB
report -> /out/normA-rep2.json
memory.current at end: 362586112 (287 MiB over idle)
chromium processes at end: 8
