### environment
chromium: Chromium 151.0.7922.108 built on Debian GNU/Linux 12 (bookworm)
kernel:   6.10.11-linuxkit aarch64
cgroup:   cpuset cpu io memory hugetlb pids rdma
mem.max:  4294967296
cpu.max:  400000 100000
profile:  canonical
memory.current before browser: 4288512
memory.current with idle browser: 266854400
browser-only floor: 250 MiB
== cdp-min ==
   jobs=60 fail=0 jobs/s=9.91 p50=99.0ms p95=109.6ms p99=122.4ms ctlRSS=13828KB
== chromedp ==
   jobs=60 fail=0 jobs/s=5.18 p50=184.4ms p95=236.3ms p99=251.7ms ctlRSS=15704KB
== chromedp-cdproto ==
   jobs=60 fail=0 jobs/s=9.66 p50=101.8ms p95=118.3ms p99=121.6ms ctlRSS=16532KB
== rod-canon ==
   jobs=60 fail=0 jobs/s=1.85 p50=539.8ms p95=568.3ms p99=581.8ms ctlRSS=17156KB
== rod-default ==
   jobs=60 fail=0 jobs/s=1.83 p50=545.5ms p95=570.4ms p99=574.5ms ctlRSS=17240KB
report -> /out/normB-rep1.json
memory.current at end: 287260672 (269 MiB over idle)
chromium processes at end: 8
