### environment
chromium: Chromium 151.0.7922.108 built on Debian GNU/Linux 12 (bookworm)
kernel:   6.10.11-linuxkit aarch64
cgroup:   cpuset cpu io memory hugetlb pids rdma
mem.max:  4294967296
cpu.max:  400000 100000
profile:  canonical
memory.current before browser: 2924544
memory.current with idle browser: 250368000
browser-only floor: 235 MiB
== cdp-min ==
   jobs=100 fail=0 jobs/s=19.47 p50=48.5ms p95=72.4ms p99=82.7ms ctlRSS=14976KB
== chromedp ==
   jobs=100 fail=0 jobs/s=6.65 p50=135.8ms p95=189.3ms p99=344.4ms ctlRSS=16548KB
== chromedp-cdproto ==
   jobs=100 fail=0 jobs/s=15.79 p50=59.2ms p95=89.8ms p99=111.2ms ctlRSS=16912KB
== rod-canon ==
   jobs=100 fail=0 jobs/s=2.72 p50=355.3ms p95=453.7ms p99=637.5ms ctlRSS=16876KB
== rod-default ==
   jobs=100 fail=0 jobs/s=0.93 p50=874.1ms p95=1955.4ms p99=4876.0ms ctlRSS=13136KB
report -> /out/normA-rep1.json
memory.current at end: 244322304 (230 MiB over idle)
chromium processes at end: 8
