pkg/application/contracts/contractsfake.BlocklistManager.GetBlocklist	EXCLUDED	X5
pkg/application/contracts/contractsfake.BlocklistManager.UpdateBlocklist	EXCLUDED	X5
pkg/application/contracts/contractsfake.ChatMessenger.MarkRead	EXCLUDED	X5
pkg/application/contracts/contractsfake.ChatMessenger.SendReaction	EXCLUDED	X5
pkg/application/contracts/contractsfake.ChatOperations.ArchiveChat	EXCLUDED	X5
pkg/application/contracts/contractsfake.ChatOperations.RejectCall	EXCLUDED	X5
pkg/application/contracts/contractsfake.ChatOperations.RequestUnavailableMessage	EXCLUDED	X5
pkg/application/contracts/contractsfake.ContactDirectory.GetAllContacts	EXCLUDED	X5
pkg/application/contracts/contractsfake.ContactDirectory.GetLIDForPN	EXCLUDED	X5
pkg/application/contracts/contractsfake.ContactDirectory.GetProfilePicture	EXCLUDED	X5
pkg/application/contracts/contractsfake.ContactDirectory.GetUserInfo	EXCLUDED	X5
pkg/application/contracts/contractsfake.ContactDirectory.IsOnWhatsApp	EXCLUDED	X5
pkg/application/contracts/contractsfake.DeleteUserProvider.CheckUserExists	EXCLUDED	X5
pkg/application/contracts/contractsfake.DeleteUserProvider.DeleteLocalUserFiles	EXCLUDED	X5
pkg/application/contracts/contractsfake.DeleteUserProvider.DeleteUserFromDB	EXCLUDED	X5
pkg/application/contracts/contractsfake.DeleteUserProvider.GetS3Enabled	EXCLUDED	X5
pkg/application/contracts/contractsfake.DeleteUserProvider.GetUserInfo	EXCLUDED	X5
pkg/application/contracts/contractsfake.FailSession	EXCLUDED	X5
pkg/application/contracts/contractsfake.FailSession.func1	EXCLUDED	X6
pkg/application/contracts/contractsfake.GroupDirectory.GetGroupInfo	EXCLUDED	X5
pkg/application/contracts/contractsfake.GroupDirectory.GetGroupInfoFromLink	EXCLUDED	X5
pkg/application/contracts/contractsfake.GroupDirectory.GetGroupInviteLink	EXCLUDED	X5
pkg/application/contracts/contractsfake.GroupDirectory.ListJoinedGroups	EXCLUDED	X5
pkg/application/contracts/contractsfake.GroupLifecycle.CreateGroup	EXCLUDED	X5
pkg/application/contracts/contractsfake.GroupLifecycle.JoinGroup	EXCLUDED	X5
pkg/application/contracts/contractsfake.GroupLifecycle.LeaveGroup	EXCLUDED	X5
pkg/application/contracts/contractsfake.GroupRequests.GetRequestParticipants	EXCLUDED	X5
pkg/application/contracts/contractsfake.GroupRequests.SetJoinApprovalMode	EXCLUDED	X5
pkg/application/contracts/contractsfake.GroupRequests.UpdateRequestParticipants	EXCLUDED	X5
pkg/application/contracts/contractsfake.GroupSettings.SetDisappearingTimer	EXCLUDED	X5
pkg/application/contracts/contractsfake.GroupSettings.SetGroupAnnounce	EXCLUDED	X5
pkg/application/contracts/contractsfake.GroupSettings.SetGroupLocked	EXCLUDED	X5
pkg/application/contracts/contractsfake.GroupSettings.SetGroupName	EXCLUDED	X5
pkg/application/contracts/contractsfake.GroupSettings.SetGroupPhoto	EXCLUDED	X5
pkg/application/contracts/contractsfake.GroupSettings.SetGroupTopic	EXCLUDED	X5
pkg/application/contracts/contractsfake.GroupSettings.UpdateGroupParticipants	EXCLUDED	X5
pkg/application/contracts/contractsfake.JIDResolver.ResolveJID	EXCLUDED	X5
pkg/application/contracts/contractsfake.JIDResolver.ResolveQualifiedJID	EXCLUDED	X5
pkg/application/contracts/contractsfake.LogRecord.HasKey	EXCLUDED	X5
pkg/application/contracts/contractsfake.LogRecord.IsStructured	EXCLUDED	X5
pkg/application/contracts/contractsfake.LogRecord.Keyval	EXCLUDED	X5
pkg/application/contracts/contractsfake.Logger.ByLevel	EXCLUDED	X5
pkg/application/contracts/contractsfake.Logger.Error	EXCLUDED	X5
pkg/application/contracts/contractsfake.Logger.Find	EXCLUDED	X5
pkg/application/contracts/contractsfake.Logger.FindLevel	EXCLUDED	X5
pkg/application/contracts/contractsfake.Logger.Info	EXCLUDED	X5
pkg/application/contracts/contractsfake.Logger.Last	EXCLUDED	X5
pkg/application/contracts/contractsfake.Logger.Len	EXCLUDED	X5
pkg/application/contracts/contractsfake.Logger.Logged	EXCLUDED	X5
pkg/application/contracts/contractsfake.Logger.Messages	EXCLUDED	X5
pkg/application/contracts/contractsfake.Logger.Records	EXCLUDED	X5
pkg/application/contracts/contractsfake.Logger.Reset	EXCLUDED	X5
pkg/application/contracts/contractsfake.Logger.Warn	EXCLUDED	X5
pkg/application/contracts/contractsfake.Logger.record	EXCLUDED	X5
pkg/application/contracts/contractsfake.MessageComposer.NewMessageID	EXCLUDED	X5
pkg/application/contracts/contractsfake.MessagingPort.PublishError	EXCLUDED	X5
pkg/application/contracts/contractsfake.MessagingPort.PublishEvent	EXCLUDED	X5
pkg/application/contracts/contractsfake.MessagingPort.PublishMessage	EXCLUDED	X5
pkg/application/contracts/contractsfake.NewsletterReader.ListSubscribed	EXCLUDED	X5
pkg/application/contracts/contractsfake.PresenceController.SendChatPresence	EXCLUDED	X5
pkg/application/contracts/contractsfake.PresenceController.SendPresence	EXCLUDED	X5
pkg/application/contracts/contractsfake.PresenceController.SubscribePresence	EXCLUDED	X5
pkg/application/contracts/contractsfake.PrivacyManager.GetPrivacySettings	EXCLUDED	X5
pkg/application/contracts/contractsfake.PrivacyManager.SetPrivacySetting	EXCLUDED	X5
pkg/application/contracts/contractsfake.ProfileAccessProvider.ProfileAccess	EXCLUDED	X5
pkg/application/contracts/contractsfake.ProfileDataAccess.ContactInfo	EXCLUDED	X5
pkg/application/contracts/contractsfake.ProfileDataAccess.OwnJID	EXCLUDED	X5
pkg/application/contracts/contractsfake.ProfileDataAccess.ProfilePictureURL	EXCLUDED	X5
pkg/application/contracts/contractsfake.ProfileDataAccess.PushName	EXCLUDED	X5
pkg/application/contracts/contractsfake.SessionController.Disconnect	EXCLUDED	X5
pkg/application/contracts/contractsfake.SessionController.Logout	EXCLUDED	X5
pkg/application/contracts/contractsfake.SessionCounter.CountSessions	EXCLUDED	X5
pkg/application/contracts/contractsfake.SessionGuard.EnsureSession	EXCLUDED	X5
pkg/application/contracts/contractsfake.SessionStatusReader.SessionStatus	EXCLUDED	X5
pkg/application/contracts/contractsfake.StoragePort.GetS3Config	EXCLUDED	X5
pkg/application/contracts/contractsfake.StoragePort.ProcessMedia	EXCLUDED	X5
pkg/application/contracts/contractsfake.StoragePort.UploadFile	EXCLUDED	X5
pkg/application/contracts/contractsfake.UserRepository.CreateUser	EXCLUDED	X5
pkg/application/contracts/contractsfake.UserRepository.DeleteUser	EXCLUDED	X5
pkg/application/contracts/contractsfake.UserRepository.ListUsers	EXCLUDED	X5
pkg/application/contracts/contractsfake.UserRepository.UpdateUser	EXCLUDED	X5
pkg/application/contracts/contractsfake.UserRepository.UserExists	EXCLUDED	X5
pkg/application/usecase/chat.ArchiveChatUseCase.Execute	ELIGIBLE	uncovered:L2(S-ret,archive_chat.go:31);uncovered:L2(S-consume,archive_chat.go:35);uncovered:L2(S-ret,archive_chat.go:36)
pkg/application/usecase/chat.NewArchiveChatUseCase	EXCLUDED	X1
pkg/application/usecase/chat.NewRejectCallUseCase	EXCLUDED	X1
pkg/application/usecase/chat.NewRequestUnavailableMessageUseCase	EXCLUDED	X1
pkg/application/usecase/chat.RejectCallUseCase.Execute	ELIGIBLE	uncovered:L2(S-ret,reject_call.go:31);uncovered:L2(S-ret,reject_call.go:35);uncovered:L2(S-consume,reject_call.go:39);uncovered:L2(S-ret,reject_call.go:40)
pkg/application/usecase/chat.RequestUnavailableMessageUseCase.Execute	ELIGIBLE	uncovered:L2(S-ret,request_unavailable_message.go:31);uncovered:L2(S-ret,request_unavailable_message.go:35);uncovered:L2(S-ret,request_unavailable_message.go:39);uncovered:L2(S-consume,request_unavailable_message.go:43);uncovered:L2(S-ret,request_unavailable_message.go:44);uncovered:L2(S-consume,request_unavailable_message.go:48);uncovered:L2(S-ret,request_unavailable_message.go:49)
pkg/application/usecase/group.GetGroupInfoUseCase.Execute	ELIGIBLE	covered
pkg/application/usecase/group.GetGroupInviteInfoUseCase.Execute	ELIGIBLE	covered
pkg/application/usecase/group.GetGroupInviteLinkUseCase.Execute	ELIGIBLE	covered
pkg/application/usecase/group.GroupManagementUseCase.CreateGroup	ELIGIBLE	covered
pkg/application/usecase/group.GroupManagementUseCase.JoinGroup	ELIGIBLE	covered
pkg/application/usecase/group.GroupManagementUseCase.LeaveGroup	ELIGIBLE	covered
pkg/application/usecase/group.GroupManagementUseCase.RemoveGroupPhoto	ELIGIBLE	covered
pkg/application/usecase/group.GroupManagementUseCase.SetDisappearingTimer	ELIGIBLE	covered
pkg/application/usecase/group.GroupManagementUseCase.SetGroupAnnounce	ELIGIBLE	covered
pkg/application/usecase/group.GroupManagementUseCase.SetGroupLocked	ELIGIBLE	covered
pkg/application/usecase/group.GroupManagementUseCase.SetGroupName	ELIGIBLE	covered
pkg/application/usecase/group.GroupManagementUseCase.SetGroupPhoto	ELIGIBLE	covered
pkg/application/usecase/group.GroupManagementUseCase.SetGroupTopic	ELIGIBLE	covered
pkg/application/usecase/group.GroupManagementUseCase.UpdateGroupParticipants	ELIGIBLE	covered
pkg/application/usecase/group.GroupManagementUseCase.ensure	ELIGIBLE	covered
pkg/application/usecase/group.GroupManagementUseCase.parseJID	ELIGIBLE	covered
pkg/application/usecase/group.GroupManagementUseCase.parseJIDs	ELIGIBLE	covered
pkg/application/usecase/group.GroupRequestUseCase.ExecuteGetGroupRequestParticipants	ELIGIBLE	covered
pkg/application/usecase/group.GroupRequestUseCase.ExecuteSetGroupJoinApprovalMode	ELIGIBLE	covered
pkg/application/usecase/group.GroupRequestUseCase.ExecuteUpdateGroupRequestParticipants	ELIGIBLE	covered
pkg/application/usecase/group.ListGroupsUseCase.Execute	ELIGIBLE	covered
pkg/application/usecase/group.NewGetGroupInfoUseCase	EXCLUDED	X1
pkg/application/usecase/group.NewGetGroupInviteInfoUseCase	EXCLUDED	X1
pkg/application/usecase/group.NewGetGroupInviteLinkUseCase	EXCLUDED	X1
pkg/application/usecase/group.NewGroupManagementUseCase	EXCLUDED	X1
pkg/application/usecase/group.NewGroupRequestUseCase	EXCLUDED	X1
pkg/application/usecase/group.NewListGroupsUseCase	EXCLUDED	X1
pkg/application/usecase/message.ChatPresenceUseCase.Execute	ELIGIBLE	uncovered:L2(S-ret,chat_presence.go:31);uncovered:L2(S-ret,chat_presence.go:35);uncovered:L2(S-consume,chat_presence.go:39);uncovered:L2(S-ret,chat_presence.go:40)
pkg/application/usecase/message.DeleteMessageUseCase.Execute	ELIGIBLE	uncovered:L2(S-ret,delete_message.go:28);uncovered:L2(S-ret,delete_message.go:31)
pkg/application/usecase/message.DownloadAudioUseCase.Execute	ELIGIBLE	uncovered:L2(S-ret,download_audio.go:28)
pkg/application/usecase/message.DownloadDocumentUseCase.Execute	ELIGIBLE	uncovered:L2(S-ret,download_document.go:28)
pkg/application/usecase/message.DownloadImageUseCase.Execute	ELIGIBLE	uncovered:L2(S-ret,download_image.go:28)
pkg/application/usecase/message.DownloadStickerUseCase.Execute	ELIGIBLE	uncovered:L2(S-ret,download_sticker.go:28)
pkg/application/usecase/message.DownloadVideoUseCase.Execute	ELIGIBLE	uncovered:L2(S-ret,download_video.go:28)
pkg/application/usecase/message.MarkReadUseCase.Execute	ELIGIBLE	uncovered:L2(S-consume,mark_read.go:36);uncovered:L2(S-ret,mark_read.go:37);uncovered:L2(S-ret,mark_read.go:42);uncovered:L2(S-consume,mark_read.go:50);uncovered:L2(S-ret,mark_read.go:51);uncovered:L2(S-ret,mark_read.go:58)
pkg/application/usecase/message.NewChatPresenceUseCase	EXCLUDED	X1
pkg/application/usecase/message.NewDeleteMessageUseCase	EXCLUDED	X1
pkg/application/usecase/message.NewDownloadAudioUseCase	EXCLUDED	X1
pkg/application/usecase/message.NewDownloadDocumentUseCase	EXCLUDED	X1
pkg/application/usecase/message.NewDownloadImageUseCase	EXCLUDED	X1
pkg/application/usecase/message.NewDownloadStickerUseCase	EXCLUDED	X1
pkg/application/usecase/message.NewDownloadVideoUseCase	EXCLUDED	X1
pkg/application/usecase/message.NewMarkReadUseCase	EXCLUDED	X1
pkg/application/usecase/message.NewReactUseCase	EXCLUDED	X1
pkg/application/usecase/message.NewSendAudioUseCase	EXCLUDED	X1
pkg/application/usecase/message.NewSendButtonsUseCase	EXCLUDED	X1
pkg/application/usecase/message.NewSendContactUseCase	EXCLUDED	X1
pkg/application/usecase/message.NewSendDocumentUseCase	EXCLUDED	X1
pkg/application/usecase/message.NewSendEditMessageUseCase	EXCLUDED	X1
pkg/application/usecase/message.NewSendImageUseCase	EXCLUDED	X1
pkg/application/usecase/message.NewSendListUseCase	EXCLUDED	X1
pkg/application/usecase/message.NewSendLocationUseCase	EXCLUDED	X1
pkg/application/usecase/message.NewSendMessageUseCase	EXCLUDED	X1
pkg/application/usecase/message.NewSendPollUseCase	EXCLUDED	X1
pkg/application/usecase/message.NewSendPresenceUseCase	EXCLUDED	X1
pkg/application/usecase/message.NewSendStickerUseCase	EXCLUDED	X1
pkg/application/usecase/message.NewSendTemplateUseCase	EXCLUDED	X1
pkg/application/usecase/message.NewSendVideoUseCase	EXCLUDED	X1
pkg/application/usecase/message.NewSubscribePresenceUseCase	EXCLUDED	X1
pkg/application/usecase/message.ReactUseCase.Execute	ELIGIBLE	uncovered:L2(S-ret,react.go:33);uncovered:L2(S-ret,react.go:37);uncovered:L2(S-consume,react.go:41);uncovered:L2(S-ret,react.go:42);uncovered:L2(S-ret,react.go:47)
pkg/application/usecase/message.SendAudioUseCase.Execute	ELIGIBLE	uncovered:L2(S-ret,send_audio.go:29);uncovered:L2(S-ret,send_audio.go:32)
pkg/application/usecase/message.SendButtonsUseCase.Execute	ELIGIBLE	uncovered:L2(S-ret,send_buttons.go:28);uncovered:L2(S-ret,send_buttons.go:31)
pkg/application/usecase/message.SendContactUseCase.Execute	ELIGIBLE	uncovered:L2(S-ret,send_contact.go:28);uncovered:L2(S-ret,send_contact.go:31);uncovered:L2(S-ret,send_contact.go:34)
pkg/application/usecase/message.SendDocumentUseCase.Execute	ELIGIBLE	uncovered:L2(S-ret,send_document.go:32);uncovered:L2(S-ret,send_document.go:35);uncovered:L2(S-ret,send_document.go:38)
pkg/application/usecase/message.SendEditMessageUseCase.Execute	ELIGIBLE	uncovered:L2(S-ret,send_edit_message.go:28);uncovered:L2(S-ret,send_edit_message.go:31);uncovered:L2(S-ret,send_edit_message.go:34)
pkg/application/usecase/message.SendImageUseCase.Execute	ELIGIBLE	uncovered:L2(S-ret,send_image.go:32);uncovered:L2(S-ret,send_image.go:35)
pkg/application/usecase/message.SendListUseCase.Execute	ELIGIBLE	uncovered:L2(S-ret,send_list.go:28);uncovered:L2(S-ret,send_list.go:31)
pkg/application/usecase/message.SendLocationUseCase.Execute	ELIGIBLE	uncovered:L2(S-ret,send_location.go:28);uncovered:L2(S-ret,send_location.go:31);uncovered:L2(S-ret,send_location.go:34)
pkg/application/usecase/message.SendMessageUseCase.Execute	ELIGIBLE	uncovered:L2(S-ret,send_message.go:32);uncovered:L2(S-ret,send_message.go:35)
pkg/application/usecase/message.SendPollUseCase.Execute	ELIGIBLE	uncovered:L2(S-ret,send_poll.go:28);uncovered:L2(S-ret,send_poll.go:31);uncovered:L2(S-ret,send_poll.go:34)
pkg/application/usecase/message.SendPresenceUseCase.Execute	ELIGIBLE	uncovered:L2(S-ret,send_presence.go:36)
pkg/application/usecase/message.SendStickerUseCase.Execute	ELIGIBLE	uncovered:L2(S-ret,send_sticker.go:28);uncovered:L2(S-ret,send_sticker.go:31)
pkg/application/usecase/message.SendTemplateUseCase.Execute	ELIGIBLE	uncovered:L2(S-ret,send_template.go:28);uncovered:L2(S-ret,send_template.go:31);uncovered:L2(S-ret,send_template.go:34)
pkg/application/usecase/message.SendVideoUseCase.Execute	ELIGIBLE	uncovered:L2(S-ret,send_video.go:28);uncovered:L2(S-ret,send_video.go:31)
pkg/application/usecase/message.SubscribePresenceUseCase.Execute	ELIGIBLE	uncovered:L2(S-ret,subscribe_presence.go:31);uncovered:L2(S-consume,subscribe_presence.go:35);uncovered:L2(S-ret,subscribe_presence.go:36)
pkg/application/usecase/notification.GetHealthUseCase.Execute	ELIGIBLE	covered
pkg/application/usecase/notification.GetHealthUseCase.Execute.func1	EXCLUDED	X1
pkg/application/usecase/notification.ListNewsletterUseCase.Execute	ELIGIBLE	covered
pkg/application/usecase/notification.NewGetHealthUseCase	EXCLUDED	X1
pkg/application/usecase/notification.NewListNewsletterUseCase	EXCLUDED	X1
pkg/application/usecase/profile.GetProfileUseCase.Execute	ELIGIBLE	covered
pkg/application/usecase/profile.NewGetProfileUseCase	EXCLUDED	X1
pkg/application/usecase/profile.NewProfileError	ELIGIBLE	uncovered:L1;uncovered:L2(S-ret,get_profile.go:107)
pkg/application/usecase/profile.ProfileError.Error	EXCLUDED	X4
pkg/application/usecase/profile.buildProfile	ELIGIBLE	uncovered:L1
pkg/application/usecase/profile.buildProfile.func1	EXCLUDED	X6
pkg/application/usecase/profile.buildProfile.func2	EXCLUDED	X1
pkg/application/usecase/session.ConnectUseCase.Execute	EXCLUDED	X1
pkg/application/usecase/session.DisconnectUseCase.Execute	ELIGIBLE	covered
pkg/application/usecase/session.GetQRUseCase.Execute	ELIGIBLE	covered
pkg/application/usecase/session.GetStatusUseCase.Execute	ELIGIBLE	covered
pkg/application/usecase/session.LogoutUseCase.Execute	ELIGIBLE	covered
pkg/application/usecase/session.NewConnectUseCase	EXCLUDED	X1
pkg/application/usecase/session.NewDisconnectUseCase	EXCLUDED	X1
pkg/application/usecase/session.NewGetQRUseCase	EXCLUDED	X1
pkg/application/usecase/session.NewGetStatusUseCase	EXCLUDED	X1
pkg/application/usecase/session.NewLogoutUseCase	EXCLUDED	X1
pkg/application/usecase/session.NewPairPhoneUseCase	EXCLUDED	X1
pkg/application/usecase/session.NewRequestHistorySyncUseCase	EXCLUDED	X1
pkg/application/usecase/session.NewSetStatusMessageUseCase	EXCLUDED	X1
pkg/application/usecase/session.PairPhoneUseCase.Execute	ELIGIBLE	uncovered:L2(S-ret,pair_phone.go:28)
pkg/application/usecase/session.RequestHistorySyncUseCase.Execute	ELIGIBLE	covered
pkg/application/usecase/session.SetStatusMessageUseCase.Execute	ELIGIBLE	uncovered:L2(S-ret,set_status_message.go:28)
pkg/application/usecase/storage.ConfigureHmacUseCase.Execute	ELIGIBLE	covered
pkg/application/usecase/storage.ConfigureS3UseCase.Execute	ELIGIBLE	uncovered:L2(S-ret,configure_s3.go:36)
pkg/application/usecase/storage.DeleteHmacConfigUseCase.Execute	ELIGIBLE	covered
pkg/application/usecase/storage.DeleteS3ConfigUseCase.Execute	ELIGIBLE	covered
pkg/application/usecase/storage.GetHistoryUseCase.Execute	ELIGIBLE	covered
pkg/application/usecase/storage.GetHmacConfigUseCase.Execute	ELIGIBLE	covered
pkg/application/usecase/storage.GetS3ConfigUseCase.Execute	ELIGIBLE	covered
pkg/application/usecase/storage.NewConfigureHmacUseCase	EXCLUDED	X1
pkg/application/usecase/storage.NewConfigureS3UseCase	EXCLUDED	X1
pkg/application/usecase/storage.NewDeleteHmacConfigUseCase	EXCLUDED	X1
pkg/application/usecase/storage.NewDeleteS3ConfigUseCase	EXCLUDED	X1
pkg/application/usecase/storage.NewGetHistoryUseCase	EXCLUDED	X1
pkg/application/usecase/storage.NewGetHmacConfigUseCase	EXCLUDED	X1
pkg/application/usecase/storage.NewGetS3ConfigUseCase	EXCLUDED	X1
pkg/application/usecase/storage.NewSetHistoryUseCase	EXCLUDED	X1
pkg/application/usecase/storage.NewSetProxyUseCase	EXCLUDED	X1
pkg/application/usecase/storage.NewTestS3ConnectionUseCase	EXCLUDED	X1
pkg/application/usecase/storage.SetHistoryUseCase.Execute	ELIGIBLE	uncovered:L2(S-ret,set_history.go:35)
pkg/application/usecase/storage.SetProxyUseCase.Execute	ELIGIBLE	uncovered:L2(S-ret,set_proxy.go:39)
pkg/application/usecase/storage.TestS3ConnectionUseCase.Execute	ELIGIBLE	uncovered:L2(S-ret,test_s3_connection.go:35)
pkg/application/usecase/user.AddUserUseCase.Execute	ELIGIBLE	uncovered:L2(S-ret,add_user.go:30);uncovered:L2(S-ret,add_user.go:50);uncovered:L2(S-ret,add_user.go:71)
pkg/application/usecase/user.BlockUserUseCase.Execute	ELIGIBLE	uncovered:L2(S-ret,block_user.go:46)
pkg/application/usecase/user.CheckUserUseCase.Execute	ELIGIBLE	covered
pkg/application/usecase/user.DeleteUserCompleteUseCase.Execute	ELIGIBLE	uncovered:L2(S-ret,delete_user_complete.go:35);uncovered:L2(S-ret,delete_user_complete.go:46)
pkg/application/usecase/user.DeleteUserUseCase.Execute	ELIGIBLE	uncovered:L2(S-ret,delete_user.go:25);uncovered:L2(S-ret,delete_user.go:34)
pkg/application/usecase/user.EditUserUseCase.Execute	ELIGIBLE	uncovered:L2(S-ret,edit_user.go:28);uncovered:L2(S-ret,edit_user.go:37);uncovered:L2(S-ret,edit_user.go:49)
pkg/application/usecase/user.GetAvatarUseCase.Execute	ELIGIBLE	uncovered:L2(S-ret,get_avatar.go:31);uncovered:L2(S-consume,get_avatar.go:35);uncovered:L2(S-ret,get_avatar.go:36);uncovered:L2(S-ret,get_avatar.go:46)
pkg/application/usecase/user.GetBlocklistUseCase.Execute	ELIGIBLE	covered
pkg/application/usecase/user.GetContactsUseCase.Execute	ELIGIBLE	covered
pkg/application/usecase/user.GetPrivacySettingsUseCase.Execute	ELIGIBLE	covered
pkg/application/usecase/user.GetUserLIDUseCase.Execute	ELIGIBLE	uncovered:L2(S-ret,get_user_lid.go:51)
pkg/application/usecase/user.GetUserUseCase.Execute	ELIGIBLE	covered
pkg/application/usecase/user.ListUsersUseCase.Execute	ELIGIBLE	covered
pkg/application/usecase/user.NewAddUserUseCase	EXCLUDED	X1
pkg/application/usecase/user.NewBlockUserUseCase	EXCLUDED	X1
pkg/application/usecase/user.NewCheckUserUseCase	EXCLUDED	X1
pkg/application/usecase/user.NewDeleteUserCompleteUseCase	EXCLUDED	X1
pkg/application/usecase/user.NewDeleteUserUseCase	EXCLUDED	X1
pkg/application/usecase/user.NewEditUserUseCase	EXCLUDED	X1
pkg/application/usecase/user.NewGetAvatarUseCase	EXCLUDED	X1
pkg/application/usecase/user.NewGetBlocklistUseCase	EXCLUDED	X1
pkg/application/usecase/user.NewGetContactsUseCase	EXCLUDED	X1
pkg/application/usecase/user.NewGetPrivacySettingsUseCase	EXCLUDED	X1
pkg/application/usecase/user.NewGetUserLIDUseCase	EXCLUDED	X1
pkg/application/usecase/user.NewGetUserUseCase	EXCLUDED	X1
pkg/application/usecase/user.NewListUsersUseCase	EXCLUDED	X1
pkg/application/usecase/user.NewSetPrivacySettingUseCase	EXCLUDED	X1
pkg/application/usecase/user.NewUnblockUserUseCase	EXCLUDED	X1
pkg/application/usecase/user.SetPrivacySettingUseCase.Execute	ELIGIBLE	covered
pkg/application/usecase/user.UnblockUserUseCase.Execute	ELIGIBLE	uncovered:L2(S-ret,unblock_user.go:46)
pkg/application/usecase/user.encryptHMACKeyFunc	EXCLUDED	X1
pkg/application/usecase/user.isValidEvent	EXCLUDED	X1
pkg/bootstrap.InitPrivateIPBlocks	ELIGIBLE	covered
pkg/bootstrap.InitRabbitMQ	EXCLUDED	X1
pkg/bootstrap.IsPrivateOrLoopback	ELIGIBLE	uncovered:L1
pkg/bootstrap.KillChannel.Delete	ELIGIBLE	uncovered:L1
pkg/bootstrap.KillChannel.Get	ELIGIBLE	uncovered:L1
pkg/bootstrap.KillChannel.Set	ELIGIBLE	uncovered:L1
pkg/bootstrap.KillChannel.Signal	ELIGIBLE	uncovered:L1
pkg/bootstrap.Main	ELIGIBLE	uncovered:L3(zerolog,main.go:238);uncovered:L3(zerolog,main.go:266);uncovered:L3(zerolog,main.go:279);uncovered:L3(zerolog,main.go:286)
pkg/bootstrap.Main.func1	EXCLUDED	X6
pkg/bootstrap.Main.func2	ELIGIBLE	covered
pkg/bootstrap.MyClient.GetUserID	EXCLUDED	X1
pkg/bootstrap.MyClient.GetWAClient	EXCLUDED	X1
pkg/bootstrap.MyClient.decoratePollVote	ELIGIBLE	covered
pkg/bootstrap.MyClient.decryptSecretEncryptedMessage	ELIGIBLE	covered
pkg/bootstrap.MyClient.handleAppState	EXCLUDED	X1
pkg/bootstrap.MyClient.handleAppStateSyncComplete	ELIGIBLE	uncovered:L3(zerolog,eventhandler_session.go:28)
pkg/bootstrap.MyClient.handleBlocklist	ELIGIBLE	uncovered:L3(zerolog,eventhandler_contact.go:27)
pkg/bootstrap.MyClient.handleBlocklistChange	ELIGIBLE	covered
pkg/bootstrap.MyClient.handleCallAccept	ELIGIBLE	covered
pkg/bootstrap.MyClient.handleCallOffer	ELIGIBLE	covered
pkg/bootstrap.MyClient.handleCallOfferNotice	ELIGIBLE	covered
pkg/bootstrap.MyClient.handleCallRelayLatency	ELIGIBLE	covered
pkg/bootstrap.MyClient.handleCallTerminate	ELIGIBLE	covered
pkg/bootstrap.MyClient.handleChatPresence	ELIGIBLE	covered
pkg/bootstrap.MyClient.handleClientOutdated	ELIGIBLE	uncovered:L3(zerolog,eventhandler_session.go:233)
pkg/bootstrap.MyClient.handleConnectFailure	ELIGIBLE	covered
pkg/bootstrap.MyClient.handleConnected	ELIGIBLE	uncovered:L3(zerolog,eventhandler_session.go:53)
pkg/bootstrap.MyClient.handleDisconnected	ELIGIBLE	covered
pkg/bootstrap.MyClient.handleFBMessage	ELIGIBLE	covered
pkg/bootstrap.MyClient.handleGroupInfo	ELIGIBLE	covered
pkg/bootstrap.MyClient.handleHistorySync	ELIGIBLE	uncovered:L1
pkg/bootstrap.MyClient.handleIdentityChange	ELIGIBLE	covered
pkg/bootstrap.MyClient.handleJoinedGroup	ELIGIBLE	covered
pkg/bootstrap.MyClient.handleKeepAliveRestored	ELIGIBLE	uncovered:L3(zerolog,eventhandler_session.go:221)
pkg/bootstrap.MyClient.handleKeepAliveTimeout	ELIGIBLE	uncovered:L3(zerolog,eventhandler_session.go:227)
pkg/bootstrap.MyClient.handleLoggedOut	ELIGIBLE	covered
pkg/bootstrap.MyClient.handleMediaRetry	ELIGIBLE	covered
pkg/bootstrap.MyClient.handleMessage	ELIGIBLE	uncovered:L1
pkg/bootstrap.MyClient.handleNewsletterJoin	ELIGIBLE	covered
pkg/bootstrap.MyClient.handleNewsletterLeave	ELIGIBLE	covered
pkg/bootstrap.MyClient.handleNewsletterLiveUpdate	ELIGIBLE	uncovered:L3(zerolog,eventhandler_group.go:46)
pkg/bootstrap.MyClient.handleNewsletterMuteChange	ELIGIBLE	covered
pkg/bootstrap.MyClient.handleOfflineSyncCompleted	ELIGIBLE	uncovered:L3(zerolog,eventhandler_history.go:317)
pkg/bootstrap.MyClient.handleOfflineSyncPreview	ELIGIBLE	uncovered:L3(zerolog,eventhandler_history.go:323)
pkg/bootstrap.MyClient.handlePairError	ELIGIBLE	uncovered:L3(zerolog,eventhandler_session.go:251)
pkg/bootstrap.MyClient.handlePairSuccess	ELIGIBLE	uncovered:L3(zerolog,eventhandler_session.go:79)
pkg/bootstrap.MyClient.handlePicture	ELIGIBLE	covered
pkg/bootstrap.MyClient.handlePresence	ELIGIBLE	covered
pkg/bootstrap.MyClient.handlePrivacySettings	ELIGIBLE	uncovered:L3(zerolog,eventhandler_contact.go:33)
pkg/bootstrap.MyClient.handleReceipt	ELIGIBLE	covered
pkg/bootstrap.MyClient.handleStreamError	ELIGIBLE	covered
pkg/bootstrap.MyClient.handleStreamReplaced	EXCLUDED	X1
pkg/bootstrap.MyClient.handleTemporaryBan	ELIGIBLE	uncovered:L3(zerolog,eventhandler_session.go:239)
pkg/bootstrap.MyClient.handleUndecryptableMessage	ELIGIBLE	covered
pkg/bootstrap.MyClient.handleUserAbout	ELIGIBLE	covered
pkg/bootstrap.MyClient.myEventHandler	ELIGIBLE	covered
pkg/bootstrap.MyClient.myEventHandler.func1	EXCLUDED	X1
pkg/bootstrap.MyClient.persistHistorySync	ELIGIBLE	covered
pkg/bootstrap.MyClient.persistHistorySyncConversation	ELIGIBLE	covered
pkg/bootstrap.MyClient.persistHistorySyncMessage	ELIGIBLE	covered
pkg/bootstrap.MyClient.processMedia	EXCLUDED	X1
pkg/bootstrap.MyClient.processMessageMedia	ELIGIBLE	uncovered:L1
pkg/bootstrap.MyClient.resolveMessageS3Config	ELIGIBLE	covered
pkg/bootstrap.MyClient.saveMessageHistory	ELIGIBLE	covered
pkg/bootstrap.MyClient.syncHistoryAfterPair	ELIGIBLE	covered
pkg/bootstrap.NewAppContext	EXCLUDED	X1
pkg/bootstrap.NewKillChannel	EXCLUDED	X1
pkg/bootstrap.NewRouter	ELIGIBLE	uncovered:L1
pkg/bootstrap.NewSafeHTTPClient	ELIGIBLE	uncovered:L1;uncovered:L2(S-ret,http.go:59);uncovered:L2(S-ret,http.go:76)
pkg/bootstrap.NewSafeHTTPClient.func1	EXCLUDED	X6
pkg/bootstrap.NewStdioServer	EXCLUDED	X1
pkg/bootstrap.ProcessOutgoingMedia	ELIGIBLE	covered
pkg/bootstrap.Routes	ELIGIBLE	uncovered:L1;uncovered:L2(S-consume,router.go:101)
pkg/bootstrap.Routes.func1	EXCLUDED	X6
pkg/bootstrap.Routes.func2	EXCLUDED	X6
pkg/bootstrap.accessLogRoute	EXCLUDED	X1
pkg/bootstrap.accessLogUserID	EXCLUDED	X1
pkg/bootstrap.bodyLimitMiddleware	EXCLUDED	X1
pkg/bootstrap.bodyLimitMiddleware.func1	ELIGIBLE	uncovered:L1;uncovered:L2(S-http,limits.go:29)
pkg/bootstrap.boundaryLogMiddlewares	EXCLUDED	X1
pkg/bootstrap.buildRouter	ELIGIBLE	uncovered:L1
pkg/bootstrap.buildRouter.func1	ELIGIBLE	uncovered:L1;uncovered:L2(S-http,router.go:253)
pkg/bootstrap.buildRouter.func2	ELIGIBLE	uncovered:L1
pkg/bootstrap.callHookFileWithHmac	ELIGIBLE	covered
pkg/bootstrap.callHookWithHmac	ELIGIBLE	covered
pkg/bootstrap.checkIfSubscribedToEvent	EXCLUDED	X1
pkg/bootstrap.clientIP	ELIGIBLE	uncovered:L1;uncovered:L2(S-consume,limits.go:102)
pkg/bootstrap.defaultHistoryTextFor	EXCLUDED	X1
pkg/bootstrap.deleteKillChannel	EXCLUDED	X1
pkg/bootstrap.depsFromServer	ELIGIBLE	uncovered:L1
pkg/bootstrap.emptyCustomHandlers	EXCLUDED	X1
pkg/bootstrap.encryptHMACKey	ELIGIBLE	uncovered:L1
pkg/bootstrap.ensureS3ClientForUser	EXCLUDED	X1
pkg/bootstrap.generateHmacSignature	ELIGIBLE	uncovered:L1
pkg/bootstrap.getKillChannel	EXCLUDED	X1
pkg/bootstrap.getUserWebhookUrl	ELIGIBLE	covered
pkg/bootstrap.init	EXCLUDED	X3
pkg/bootstrap.initConnectHandler	EXCLUDED	X1
pkg/bootstrap.initCustomHandlers	ELIGIBLE	uncovered:L1
pkg/bootstrap.innerRecoverMiddleware	EXCLUDED	X1
pkg/bootstrap.innerRecoverMiddleware.func1	EXCLUDED	X1
pkg/bootstrap.innerRecoverMiddleware.func2	EXCLUDED	X1
pkg/bootstrap.logMessageReceived	ELIGIBLE	covered
pkg/bootstrap.newRateLimitObserver	EXCLUDED	X1
pkg/bootstrap.outcomeFor	EXCLUDED	X1
pkg/bootstrap.rateLimitObserver.limiterFor	ELIGIBLE	uncovered:L1
pkg/bootstrap.rateLimitObserver.middleware	EXCLUDED	X1
pkg/bootstrap.rateLimitObserver.middleware.func1	ELIGIBLE	covered
pkg/bootstrap.recordUserIDHandler	EXCLUDED	X1
pkg/bootstrap.recordUserIDHandler.func1	EXCLUDED	X1
pkg/bootstrap.recoverMiddleware	EXCLUDED	X1
pkg/bootstrap.recoverMiddleware.func1	EXCLUDED	X1
pkg/bootstrap.recoverMiddleware.func2	EXCLUDED	X1
pkg/bootstrap.registerCustomRoutes	ELIGIBLE	uncovered:L1
pkg/bootstrap.registerCustomRoutes.func1	EXCLUDED	X1
pkg/bootstrap.registerCustomRoutes.func2	EXCLUDED	X1
pkg/bootstrap.registerCustomRoutes.func3	EXCLUDED	X1
pkg/bootstrap.reportPanic	ELIGIBLE	uncovered:L1;uncovered:L2(S-http,router.go:200)
pkg/bootstrap.resolveLogLevel	ELIGIBLE	uncovered:L1;uncovered:L2(S-consume,main.go:70)
pkg/bootstrap.s3MediaUploader.ProcessMediaForS3	ELIGIBLE	uncovered:L1
pkg/bootstrap.securityHeadersMiddleware	EXCLUDED	X1
pkg/bootstrap.securityHeadersMiddleware.func1	ELIGIBLE	uncovered:L1
pkg/bootstrap.sendEventWithWebHook	ELIGIBLE	uncovered:L3(zerolog,lifecycle_webhook.go:122);uncovered:L2(S-consume,lifecycle_webhook.go:116)
pkg/bootstrap.sendEventWithWebHook.func1	EXCLUDED	X6
pkg/bootstrap.sendEventWithWebHook.func2	EXCLUDED	X6
pkg/bootstrap.sendEventWithWebHook.func3	EXCLUDED	X6
pkg/bootstrap.sendToGlobalRabbit	EXCLUDED	X1
pkg/bootstrap.sendToGlobalWebHook	ELIGIBLE	covered
pkg/bootstrap.sendToUserWebHookWithHmac	ELIGIBLE	covered
pkg/bootstrap.sendToUserWebHookWithHmac.func1	EXCLUDED	X6
pkg/bootstrap.server.SendNotification	EXCLUDED	X1
pkg/bootstrap.server.connectOnStartup	ELIGIBLE	covered
pkg/bootstrap.server.connectOnStartup.func1	ELIGIBLE	covered
pkg/bootstrap.server.connectOnStartup.func2	EXCLUDED	X1
pkg/bootstrap.server.routes	EXCLUDED	X1
pkg/bootstrap.server.startClient	ELIGIBLE	uncovered:L3(zerolog,lifecycle.go:194);uncovered:L3(zerolog,lifecycle.go:199);uncovered:L3(zerolog,lifecycle.go:272);uncovered:L3(zerolog,lifecycle.go:278);uncovered:L3(zerolog,lifecycle.go:284);uncovered:L3(zerolog,lifecycle.go:286);uncovered:L3(zerolog,lifecycle.go:367);uncovered:L3(zerolog,lifecycle.go:373);uncovered:L3(zerolog,lifecycle.go:393);uncovered:L2(S-consume,lifecycle.go:298)
pkg/bootstrap.server.startClient.func1	EXCLUDED	X1
pkg/bootstrap.server.startClient.func2	EXCLUDED	X6
pkg/bootstrap.setKillChannel	EXCLUDED	X1
pkg/bootstrap.signalKill	EXCLUDED	X1
pkg/bootstrap.simpleBootstrapError.Error	EXCLUDED	X4
pkg/bootstrap.startHTTPMode	ELIGIBLE	covered
pkg/bootstrap.startHTTPMode.func1	ELIGIBLE	uncovered:L3(zerolog,main.go:401);uncovered:L3(zerolog,main.go:412)
pkg/bootstrap.startHTTPMode.func2	EXCLUDED	X6
pkg/bootstrap.startHTTPMode.func3	EXCLUDED	X1
pkg/bootstrap.startStdioMode	ELIGIBLE	uncovered:L3(zerolog,main.go:448)
pkg/bootstrap.syncHistoryForChat	ELIGIBLE	uncovered:L1;uncovered:L2(S-ret,wiring_delegates.go:131)
pkg/bootstrap.syncHistoryForChat.func1	EXCLUDED	X6
pkg/bootstrap.syncHistoryForChat.func2	EXCLUDED	X6
pkg/bootstrap.updateAndGetUserSubscriptions	ELIGIBLE	covered
pkg/bootstrap.updateUserInfo	ELIGIBLE	covered
pkg/bootstrap.userIDHolderHandler	EXCLUDED	X1
pkg/bootstrap.userIDHolderHandler.func1	EXCLUDED	X1
pkg/bootstrap.userInfoID	ELIGIBLE	uncovered:L1
pkg/bootstrap.webhookTLSSkipVerify.func1	ELIGIBLE	covered
pkg/bootstrap.writeBoundaryRecord	EXCLUDED	X1
pkg/domain.HashToken	EXCLUDED	X1
pkg/domain.IsValidEventType	EXCLUDED	X1
pkg/domain.Secret.GoString	EXCLUDED	X1
pkg/domain.Secret.MarshalJSON	EXCLUDED	X4
pkg/domain.Secret.MarshalZerologObject	EXCLUDED	X1
pkg/domain.Secret.Reveal	EXCLUDED	X1
pkg/domain.Secret.String	EXCLUDED	X4
pkg/domain.ValidatePrivacySetting	ELIGIBLE	covered
pkg/domain.init	EXCLUDED	X3
pkg/domain/apperr.AppError.Error	EXCLUDED	X4
pkg/domain/apperr.AppError.Is	ELIGIBLE	uncovered:L1
pkg/domain/apperr.AppError.Unwrap	EXCLUDED	X2
pkg/domain/apperr.Category.HTTPStatus	EXCLUDED	X1
pkg/domain/apperr.New	ELIGIBLE	uncovered:L2(S-ret,apperr.go:53)
pkg/infra/auth.AdminValidator.Validate	EXCLUDED	X1
pkg/infra/auth.DecryptHMACKey	ELIGIBLE	covered
pkg/infra/auth.EncryptHMACKey	ELIGIBLE	covered
pkg/infra/auth.ExtractToken	ELIGIBLE	covered
pkg/infra/auth.GenerateHmacSignature	ELIGIBLE	covered
pkg/infra/auth.GetOrSetCache	ELIGIBLE	covered
pkg/infra/auth.LookupUser	ELIGIBLE	covered
pkg/infra/auth.LookupUser.func1	ELIGIBLE	covered
pkg/infra/auth.NewAdminValidator	EXCLUDED	X1
pkg/infra/auth.NewTokenCache	ELIGIBLE	covered
pkg/infra/auth.ValidateAdminToken	ELIGIBLE	covered
pkg/infra/auth.WithUserInfo	EXCLUDED	X1
pkg/infra/constants.IsValidEventType	EXCLUDED	X1
pkg/infra/constants.init	EXCLUDED	X3
pkg/infra/db.GenerateRandomID	ELIGIBLE	covered
pkg/infra/db.GetDatabaseConfig	ELIGIBLE	covered
pkg/infra/db.InitializeDatabase	ELIGIBLE	covered
pkg/infra/db.InitializeSchema	ELIGIBLE	covered
pkg/infra/db.NewUserRepository	EXCLUDED	X1
pkg/infra/db.SaveMessageToHistory	ELIGIBLE	covered
pkg/infra/db.SetDisconnectedState	ELIGIBLE	covered
pkg/infra/db.TrimMessageHistory	ELIGIBLE	covered
pkg/infra/db.UserRepository.CreateUser	ELIGIBLE	covered
pkg/infra/db.UserRepository.DeleteUser	ELIGIBLE	covered
pkg/infra/db.UserRepository.ListUsers	ELIGIBLE	covered
pkg/infra/db.UserRepository.ListUsers.func1	EXCLUDED	X1
pkg/infra/db.UserRepository.UpdateUser	ELIGIBLE	covered
pkg/infra/db.UserRepository.UpdateUser.func1	EXCLUDED	X6
pkg/infra/db.UserRepository.UserExists	ELIGIBLE	covered
pkg/infra/db.UserRepository.userS3Config	ELIGIBLE	covered
pkg/infra/db.addColumnIfNotExistsSQLite	ELIGIBLE	covered
pkg/infra/db.applyMigration	ELIGIBLE	covered
pkg/infra/db.applyMigration.func1	ELIGIBLE	covered
pkg/infra/db.applyTokenHashMigration	ELIGIBLE	covered
pkg/infra/db.createMigrationsTable	ELIGIBLE	covered
pkg/infra/db.createTableIfNotExistsSQLite	ELIGIBLE	covered
pkg/infra/db.getAppliedMigrations	ELIGIBLE	covered
pkg/infra/db.initializePostgres	ELIGIBLE	covered
pkg/infra/db.initializeSQLite	ELIGIBLE	covered
pkg/infra/db.isUniqueViolation	ELIGIBLE	covered
pkg/infra/db.migrateSQLiteIDToString	ELIGIBLE	covered
pkg/infra/egress.IsHTTPURL	ELIGIBLE	uncovered:L2(S-consume,egress.go:25)
pkg/infra/egress.IsReservedOrLoopback	ELIGIBLE	covered
pkg/infra/egress.ValidateOutboundURL	ELIGIBLE	covered
pkg/infra/egress.mustParseCIDRs	ELIGIBLE	covered
pkg/infra/history.SaveOutgoingMessageToHistory	ELIGIBLE	covered
pkg/infra/history.SyncHistoryForChat	ELIGIBLE	uncovered:L2(S-ret,sync.go:80);uncovered:L2(S-ret,sync.go:89)
pkg/infra/media.ExtractFirstURL	ELIGIBLE	covered
pkg/infra/media.FetchURLBytes	ELIGIBLE	covered
pkg/infra/media.FetchURLBytes.func1	ELIGIBLE	covered
pkg/infra/media.FileToBase64	ELIGIBLE	covered
pkg/infra/media.GetOpenGraphData	ELIGIBLE	covered
pkg/infra/media.GetOpenGraphData.func1	EXCLUDED	X6
pkg/infra/media.GetOpenGraphData.func2	EXCLUDED	X1
pkg/infra/media.GetOpenGraphData.func3	EXCLUDED	X1
pkg/infra/media.NewUserSemaphoreManager	EXCLUDED	X1
pkg/infra/media.ProcessMedia	ELIGIBLE	covered
pkg/infra/media.ProcessMedia.func1	ELIGIBLE	covered
pkg/infra/media.ProcessOutgoingMedia	ELIGIBLE	covered
pkg/infra/media.SetProcessMediaHandler	EXCLUDED	X1
pkg/infra/media.UserSemaphoreManager.ForUser	EXCLUDED	X1
pkg/infra/media.encodeJPEGThumbnail	ELIGIBLE	covered
pkg/infra/media.fetchOpenGraphDataInternal	ELIGIBLE	covered
pkg/infra/media.fetchOpenGraphImage	ELIGIBLE	covered
pkg/infra/media/opengraph.FetchOpenGraphData	ELIGIBLE	covered
pkg/infra/media/opengraph.FetchOpenGraphImage	ELIGIBLE	covered
pkg/infra/media/opengraph.FetchURLBytes	ELIGIBLE	covered
pkg/infra/media/opengraph.FetchURLBytes.func1	ELIGIBLE	covered
pkg/infra/media/sticker.AssembleWebP	ELIGIBLE	covered
pkg/infra/media/sticker.BuildStickerMetadata	ELIGIBLE	covered
pkg/infra/media/sticker.BuildWhatsAppEXIF	ELIGIBLE	covered
pkg/infra/media/sticker.ConvertImageToWebP	ELIGIBLE	covered
pkg/infra/media/sticker.ConvertImageToWebP.func1	EXCLUDED	X6
pkg/infra/media/sticker.ConvertToWebPSticker	ELIGIBLE	covered
pkg/infra/media/sticker.ConvertVideoStickerToWebP	ELIGIBLE	covered
pkg/infra/media/sticker.ConvertVideoStickerToWebP.func1	EXCLUDED	X6
pkg/infra/media/sticker.CreateVP8XChunk	ELIGIBLE	covered
pkg/infra/media/sticker.EmbedStickerEXIF	ELIGIBLE	covered
pkg/infra/media/sticker.EncodeJPEGThumbnail	ELIGIBLE	covered
pkg/infra/media/sticker.EnsureVP8XWithEXIF	EXCLUDED	X1
pkg/infra/media/sticker.InjectWebPEXIF	ELIGIBLE	covered
pkg/infra/media/sticker.IsValidWebP	EXCLUDED	X1
pkg/infra/media/sticker.ParseWebPChunks	ELIGIBLE	covered
pkg/infra/media/sticker.ProcessStickerData	ELIGIBLE	covered
pkg/infra/media/sticker.PutUint24LE	ELIGIBLE	covered
pkg/infra/media/sticker.RunFFmpegConversion	ELIGIBLE	covered
pkg/infra/media/sticker.RunFFmpegConversion.func1	ELIGIBLE	covered
pkg/infra/media/sticker.RunFFmpegConversion.func2	ELIGIBLE	covered
pkg/infra/media/sticker.RunFFmpegConversion.func3	ELIGIBLE	covered
pkg/infra/media/sticker.WriteChunk	ELIGIBLE	covered
pkg/infra/messaging.DecryptHMACKey	ELIGIBLE	covered
pkg/infra/messaging.EncryptHMACKey	ELIGIBLE	covered
pkg/infra/messaging.GenerateHmacSignature	ELIGIBLE	covered
pkg/infra/messaging.HandleConnectionErrors	ELIGIBLE	covered
pkg/infra/messaging.HandleConnectionErrors.func1	EXCLUDED	X6
pkg/infra/messaging.InitRabbitMQ	ELIGIBLE	covered
pkg/infra/messaging.InitRabbitMQ.func1	EXCLUDED	X6
pkg/infra/messaging.ProxyConfigResponse	EXCLUDED	X1
pkg/infra/messaging.PublishDataErrorToQueue	ELIGIBLE	covered
pkg/infra/messaging.PublishFileErrorToQueue	ELIGIBLE	covered
pkg/infra/messaging.PublishToRabbit	ELIGIBLE	covered
pkg/infra/messaging.ResolveWebhookUseProxy	EXCLUDED	X1
pkg/infra/messaging.SendToGlobalRabbit	ELIGIBLE	covered
pkg/infra/messaging.SetupDependencies	EXCLUDED	X1
pkg/infra/messaging.dialAMQP.func1	EXCLUDED	X6
pkg/infra/messaging.getRabbitChannel	ELIGIBLE	uncovered:L1
pkg/infra/messaging.getRabbitEnabled	ELIGIBLE	uncovered:L1
pkg/infra/messaging.realConn.openChannel	EXCLUDED	X7
pkg/infra/messaging.safeGo	EXCLUDED	X1
pkg/infra/messaging.safeGo.func1	EXCLUDED	X1
pkg/infra/messaging.safeGo.func2	EXCLUDED	X1
pkg/infra/messaging.setRabbitDisabled	ELIGIBLE	uncovered:L1
pkg/infra/messaging.setRabbitState	ELIGIBLE	uncovered:L1
pkg/infra/stdio.ID.MarshalJSON	EXCLUDED	X4
pkg/infra/stdio.ID.String	EXCLUDED	X4
pkg/infra/stdio.ID.UnmarshalJSON	EXCLUDED	X4
pkg/infra/stdio.JSONResult.MarshalJSON	EXCLUDED	X4
pkg/infra/stdio.NewServer	EXCLUDED	X1
pkg/infra/stdio.NewServerWithIO	EXCLUDED	X1
pkg/infra/stdio.SendNotification	ELIGIBLE	covered
pkg/infra/stdio.Server.Start	ELIGIBLE	covered
pkg/infra/stdio.Server.convertHTTPResponse	ELIGIBLE	covered
pkg/infra/stdio.Server.executeHTTPHandler	ELIGIBLE	covered
pkg/infra/stdio.Server.handleRequest	ELIGIBLE	covered
pkg/infra/stdio.Server.routeRequest	ELIGIBLE	covered
pkg/infra/stdio.Server.sendError	EXCLUDED	X1
pkg/infra/stdio.Server.sendSuccess	EXCLUDED	X1
pkg/infra/stdio.Server.stringParam	ELIGIBLE	covered
pkg/infra/stdio.Server.writeResponse	ELIGIBLE	covered
pkg/infra/stdio.adminUserFullPath	ELIGIBLE	covered
pkg/infra/stdio.adminUserPath	ELIGIBLE	covered
pkg/infra/stdio.chatHistoryPath	ELIGIBLE	covered
pkg/infra/stdio.mergeDynamicRoutes	ELIGIBLE	covered
pkg/infra/stdio.mergeStaticRoutes	ELIGIBLE	covered
pkg/infra/stdio.userLidPath	ELIGIBLE	covered
pkg/infra/storage.EnsureS3ClientForUser	EXCLUDED	X1
pkg/infra/storage.GetS3Manager	EXCLUDED	X1
pkg/infra/storage.S3Manager.DeleteAllUserObjects	ELIGIBLE	covered
pkg/infra/storage.S3Manager.EnsureClientFromDB	ELIGIBLE	covered
pkg/infra/storage.S3Manager.GenerateS3Key	EXCLUDED	X1
pkg/infra/storage.S3Manager.GetClient	ELIGIBLE	covered
pkg/infra/storage.S3Manager.GetPublicURL	ELIGIBLE	covered
pkg/infra/storage.S3Manager.InitializeS3Client	ELIGIBLE	covered
pkg/infra/storage.S3Manager.InitializeS3Client.func1	EXCLUDED	X6
pkg/infra/storage.S3Manager.ProcessMediaForS3	ELIGIBLE	covered
pkg/infra/storage.S3Manager.RemoveClient	ELIGIBLE	covered
pkg/infra/storage.S3Manager.SetDB	ELIGIBLE	covered
pkg/infra/storage.S3Manager.TestConnection	ELIGIBLE	covered
pkg/infra/storage.S3Manager.UploadToS3	ELIGIBLE	covered
pkg/infra/storage.S3Manager.generateS3KeyAt	ELIGIBLE	covered
pkg/infra/storage.sanitizeS3KeyComponent	EXCLUDED	X1
pkg/infra/whatsmeow.ChatMessengerAdapter.MarkRead	ELIGIBLE	uncovered:L1;uncovered:L2(S-ret,chat_adapters.go:136);uncovered:L2(S-ret,chat_adapters.go:146)
pkg/infra/whatsmeow.ChatMessengerAdapter.SendReaction	ELIGIBLE	uncovered:L1;uncovered:L2(S-ret,chat_adapters.go:157)
pkg/infra/whatsmeow.ClientForGetter	EXCLUDED	X1
pkg/infra/whatsmeow.ClientForGetter.func1	EXCLUDED	X6
pkg/infra/whatsmeow.ClientManager.AddWSConn	ELIGIBLE	covered
pkg/infra/whatsmeow.ClientManager.BroadcastToUser	ELIGIBLE	covered
pkg/infra/whatsmeow.ClientManager.DeleteHTTPClient	ELIGIBLE	uncovered:L1
pkg/infra/whatsmeow.ClientManager.DeleteMyClient	ELIGIBLE	uncovered:L1
pkg/infra/whatsmeow.ClientManager.DeleteWhatsmeowClient	ELIGIBLE	uncovered:L1
pkg/infra/whatsmeow.ClientManager.GetAllClients	ELIGIBLE	uncovered:L1
pkg/infra/whatsmeow.ClientManager.GetHTTPClient	ELIGIBLE	uncovered:L1
pkg/infra/whatsmeow.ClientManager.GetMyClient	ELIGIBLE	uncovered:L1
pkg/infra/whatsmeow.ClientManager.GetPollOptions	ELIGIBLE	uncovered:L1
pkg/infra/whatsmeow.ClientManager.GetWhatsmeowClient	ELIGIBLE	uncovered:L1
pkg/infra/whatsmeow.ClientManager.GetWhatsmeowClientsCount	ELIGIBLE	uncovered:L1
pkg/infra/whatsmeow.ClientManager.IterateWhatsmeowClients	ELIGIBLE	uncovered:L1
pkg/infra/whatsmeow.ClientManager.RemoveWSConn	ELIGIBLE	covered
pkg/infra/whatsmeow.ClientManager.SetHTTPClient	ELIGIBLE	uncovered:L1
pkg/infra/whatsmeow.ClientManager.SetMyClient	ELIGIBLE	uncovered:L1
pkg/infra/whatsmeow.ClientManager.SetPollOptions	ELIGIBLE	uncovered:L1
pkg/infra/whatsmeow.ClientManager.SetWhatsmeowClient	ELIGIBLE	uncovered:L1
pkg/infra/whatsmeow.ErrNoSession	ELIGIBLE	uncovered:L1
pkg/infra/whatsmeow.GetPlatformTypeEnum	EXCLUDED	X1
pkg/infra/whatsmeow.GroupAdapter.CreateGroup	ELIGIBLE	uncovered:L1
pkg/infra/whatsmeow.GroupAdapter.GetGroupInfo	ELIGIBLE	uncovered:L1
pkg/infra/whatsmeow.GroupAdapter.GetGroupInfoFromLink	ELIGIBLE	uncovered:L1
pkg/infra/whatsmeow.GroupAdapter.GetGroupInviteLink	ELIGIBLE	uncovered:L1
pkg/infra/whatsmeow.GroupAdapter.GetRequestParticipants	ELIGIBLE	uncovered:L1
pkg/infra/whatsmeow.GroupAdapter.JoinGroup	ELIGIBLE	uncovered:L1
pkg/infra/whatsmeow.GroupAdapter.LeaveGroup	ELIGIBLE	uncovered:L1;uncovered:L2(S-ret,group_adapters.go:140)
pkg/infra/whatsmeow.GroupAdapter.ListJoinedGroups	ELIGIBLE	uncovered:L1
pkg/infra/whatsmeow.GroupAdapter.SetDisappearingTimer	ELIGIBLE	uncovered:L1;uncovered:L2(S-ret,group_adapters.go:219)
pkg/infra/whatsmeow.GroupAdapter.SetGroupAnnounce	ELIGIBLE	uncovered:L1;uncovered:L2(S-ret,group_adapters.go:193)
pkg/infra/whatsmeow.GroupAdapter.SetGroupLocked	ELIGIBLE	uncovered:L1;uncovered:L2(S-ret,group_adapters.go:206)
pkg/infra/whatsmeow.GroupAdapter.SetGroupName	ELIGIBLE	uncovered:L1;uncovered:L2(S-ret,group_adapters.go:153)
pkg/infra/whatsmeow.GroupAdapter.SetGroupPhoto	ELIGIBLE	uncovered:L1
pkg/infra/whatsmeow.GroupAdapter.SetGroupTopic	ELIGIBLE	uncovered:L1;uncovered:L2(S-ret,group_adapters.go:166)
pkg/infra/whatsmeow.GroupAdapter.SetJoinApprovalMode	ELIGIBLE	uncovered:L1;uncovered:L2(S-ret,group_adapters.go:298)
pkg/infra/whatsmeow.GroupAdapter.UpdateGroupParticipants	ELIGIBLE	uncovered:L1
pkg/infra/whatsmeow.GroupAdapter.UpdateRequestParticipants	ELIGIBLE	uncovered:L1;uncovered:L2(S-ret,group_adapters.go:281)
pkg/infra/whatsmeow.GroupAdapter.client	ELIGIBLE	uncovered:L1;uncovered:L2(S-ret,group_adapters.go:55)
pkg/infra/whatsmeow.JIDResolverAdapter.ResolveJID	ELIGIBLE	uncovered:L1;uncovered:L2(S-ret,chat_adapters.go:28)
pkg/infra/whatsmeow.JIDResolverAdapter.ResolveQualifiedJID	ELIGIBLE	uncovered:L1;uncovered:L2(S-ret,chat_adapters.go:47)
pkg/infra/whatsmeow.MessageComposerAdapter.NewMessageID	ELIGIBLE	uncovered:L1;uncovered:L2(S-ret,message_composer_adapter.go:26)
pkg/infra/whatsmeow.MiscAdapter.ArchiveChat	ELIGIBLE	uncovered:L1;uncovered:L2(S-ret,misc_adapters.go:52)
pkg/infra/whatsmeow.MiscAdapter.ListSubscribed	ELIGIBLE	uncovered:L1
pkg/infra/whatsmeow.MiscAdapter.ProfileAccess	ELIGIBLE	uncovered:L1
pkg/infra/whatsmeow.MiscAdapter.RejectCall	ELIGIBLE	uncovered:L1;uncovered:L2(S-ret,misc_adapters.go:65)
pkg/infra/whatsmeow.MiscAdapter.RequestUnavailableMessage	ELIGIBLE	uncovered:L1
pkg/infra/whatsmeow.MiscAdapter.client	ELIGIBLE	uncovered:L1;uncovered:L2(S-ret,misc_adapters.go:29)
pkg/infra/whatsmeow.NewChatMessengerAdapter	EXCLUDED	X1
pkg/infra/whatsmeow.NewClientManager	EXCLUDED	X1
pkg/infra/whatsmeow.NewGroupAdapter	EXCLUDED	X1
pkg/infra/whatsmeow.NewJIDResolverAdapter	EXCLUDED	X1
pkg/infra/whatsmeow.NewMessageComposerAdapter	EXCLUDED	X1
pkg/infra/whatsmeow.NewMiscAdapter	EXCLUDED	X1
pkg/infra/whatsmeow.NewPresenceControllerAdapter	EXCLUDED	X1
pkg/infra/whatsmeow.NewProfileDataAccess	EXCLUDED	X1
pkg/infra/whatsmeow.NewProfileDataAccessFromInterface	EXCLUDED	X1
pkg/infra/whatsmeow.NewSessionCounterAdapter	EXCLUDED	X1
pkg/infra/whatsmeow.NewSessionGuardAdapter	EXCLUDED	X1
pkg/infra/whatsmeow.NewUserAdapter	EXCLUDED	X1
pkg/infra/whatsmeow.NewZerologAdapter	EXCLUDED	X1
pkg/infra/whatsmeow.ParseJID	ELIGIBLE	covered
pkg/infra/whatsmeow.PresenceControllerAdapter.SendChatPresence	ELIGIBLE	uncovered:L1;uncovered:L2(S-ret,chat_adapters.go:100);uncovered:L2(S-ret,chat_adapters.go:106)
pkg/infra/whatsmeow.PresenceControllerAdapter.SendPresence	ELIGIBLE	uncovered:L1;uncovered:L2(S-ret,chat_adapters.go:80);uncovered:L2(S-ret,chat_adapters.go:90);uncovered:L2(S-ret,chat_adapters.go:93)
pkg/infra/whatsmeow.PresenceControllerAdapter.SubscribePresence	ELIGIBLE	uncovered:L1;uncovered:L2(S-ret,chat_adapters.go:113);uncovered:L2(S-ret,chat_adapters.go:119)
pkg/infra/whatsmeow.ProfileDataAccess.ContactInfo	ELIGIBLE	uncovered:L1
pkg/infra/whatsmeow.ProfileDataAccess.OwnJID	EXCLUDED	X1
pkg/infra/whatsmeow.ProfileDataAccess.ProfilePictureURL	ELIGIBLE	uncovered:L1
pkg/infra/whatsmeow.ProfileDataAccess.PushName	EXCLUDED	X1
pkg/infra/whatsmeow.SafeGo	EXCLUDED	X1
pkg/infra/whatsmeow.SafeGo.func1	EXCLUDED	X1
pkg/infra/whatsmeow.SafeGo.func2	EXCLUDED	X1
pkg/infra/whatsmeow.SessionCounterAdapter.CountSessions	ELIGIBLE	uncovered:L1
pkg/infra/whatsmeow.SessionCounterAdapter.CountSessions.func1	EXCLUDED	X6
pkg/infra/whatsmeow.SessionGuardAdapter.Disconnect	ELIGIBLE	uncovered:L1;uncovered:L2(S-ret,session_guard_adapter.go:86)
pkg/infra/whatsmeow.SessionGuardAdapter.EnsureSession	ELIGIBLE	uncovered:L1;uncovered:L2(S-ret,session_guard_adapter.go:43)
pkg/infra/whatsmeow.SessionGuardAdapter.Logout	ELIGIBLE	uncovered:L1;uncovered:L2(S-ret,session_guard_adapter.go:77);uncovered:L2(S-ret,session_guard_adapter.go:79)
pkg/infra/whatsmeow.SessionGuardAdapter.SessionStatus	ELIGIBLE	uncovered:L1
pkg/infra/whatsmeow.UserAdapter.GetAllContacts	ELIGIBLE	uncovered:L1
pkg/infra/whatsmeow.UserAdapter.GetBlocklist	ELIGIBLE	uncovered:L1
pkg/infra/whatsmeow.UserAdapter.GetLIDForPN	ELIGIBLE	uncovered:L1
pkg/infra/whatsmeow.UserAdapter.GetPrivacySettings	ELIGIBLE	uncovered:L1
pkg/infra/whatsmeow.UserAdapter.GetProfilePicture	ELIGIBLE	uncovered:L1
pkg/infra/whatsmeow.UserAdapter.GetUserInfo	ELIGIBLE	uncovered:L1
pkg/infra/whatsmeow.UserAdapter.IsOnWhatsApp	ELIGIBLE	uncovered:L1
pkg/infra/whatsmeow.UserAdapter.SetPrivacySetting	ELIGIBLE	uncovered:L1
pkg/infra/whatsmeow.UserAdapter.UpdateBlocklist	ELIGIBLE	uncovered:L1
pkg/infra/whatsmeow.UserAdapter.client	ELIGIBLE	uncovered:L1;uncovered:L2(S-ret,user_adapters.go:30)
pkg/infra/whatsmeow.ZerologAdapter.Error	EXCLUDED	X1
pkg/infra/whatsmeow.ZerologAdapter.Info	EXCLUDED	X1
pkg/infra/whatsmeow.ZerologAdapter.Warn	EXCLUDED	X1
pkg/infra/whatsmeow.ZerologAdapter.from	ELIGIBLE	uncovered:L1
pkg/infra/whatsmeow.getCachedPNForLID	ELIGIBLE	uncovered:L1;uncovered:L2(S-ret,user_adapters.go:235);uncovered:L2(S-ret,user_adapters.go:242)
pkg/infra/whatsmeow.normalizeBlocklistJID	ELIGIBLE	uncovered:L1
pkg/infra/whatsmeow.realWAClient.Store	EXCLUDED	X1
pkg/infra/whatsmeow.resolveBlocklistPNJID	ELIGIBLE	uncovered:L1;uncovered:L2(S-ret,user_adapters.go:228)
pkg/infra/whatsmeow.toDomainBlocklist	ELIGIBLE	uncovered:L1
pkg/infra/whatsmeow.toJID	ELIGIBLE	uncovered:L1;uncovered:L2(S-ret,chat_adapters.go:61)
pkg/infra/whatsmeow.toJIDs	ELIGIBLE	uncovered:L1
pkg/infra/whatsmeow.toTypesJID	ELIGIBLE	uncovered:L1
pkg/presentation/http.Find	EXCLUDED	X1
pkg/presentation/http.HandlerRegistry.Apply	EXCLUDED	X1
pkg/presentation/http.HandlerRegistry.Register	EXCLUDED	X1
pkg/presentation/http.NewHandlerRegistry	EXCLUDED	X1
pkg/presentation/http.NewProfileHandler	EXCLUDED	X1
pkg/presentation/http.ProfileHandler.ServeHTTP	ELIGIBLE	covered
pkg/presentation/http.RespondJSON	ELIGIBLE	uncovered:L2(S-consume,response.go:49)
pkg/presentation/http.genericErrorMessage	EXCLUDED	X1
pkg/presentation/http/handlers.ArchiveChatHandler.ServeHTTP	ELIGIBLE	covered
pkg/presentation/http/handlers.ChatPresenceHandler.ServeHTTP	ELIGIBLE	covered
pkg/presentation/http/handlers.ConfigureHmacHandler.ServeHTTP	ELIGIBLE	covered
pkg/presentation/http/handlers.ConfigureS3Handler.ServeHTTP	ELIGIBLE	covered
pkg/presentation/http/handlers.ConnectHandler.ServeHTTP	ELIGIBLE	covered
pkg/presentation/http/handlers.ConnectHandler.WithStartClient	EXCLUDED	X1
pkg/presentation/http/handlers.DeleteHmacConfigHandler.ServeHTTP	ELIGIBLE	covered
pkg/presentation/http/handlers.DeleteMessageHandler.ServeHTTP	ELIGIBLE	covered
pkg/presentation/http/handlers.DeleteS3ConfigHandler.ServeHTTP	ELIGIBLE	covered
pkg/presentation/http/handlers.DeleteUserCompleteHandler.ServeHTTP	ELIGIBLE	covered
pkg/presentation/http/handlers.DeleteWebhookHandler.ServeHTTP	ELIGIBLE	covered
pkg/presentation/http/handlers.DisconnectHandler.ServeHTTP	ELIGIBLE	covered
pkg/presentation/http/handlers.DownloadAudioHandler.ServeHTTP	ELIGIBLE	covered
pkg/presentation/http/handlers.DownloadDocumentHandler.ServeHTTP	ELIGIBLE	covered
pkg/presentation/http/handlers.DownloadImageHandler.ServeHTTP	ELIGIBLE	covered
pkg/presentation/http/handlers.DownloadStickerHandler.ServeHTTP	ELIGIBLE	covered
pkg/presentation/http/handlers.DownloadVideoHandler.ServeHTTP	ELIGIBLE	covered
pkg/presentation/http/handlers.GetAvatarHandler.ServeHTTP	ELIGIBLE	covered
pkg/presentation/http/handlers.GetBlocklistHandler.ServeHTTP	ELIGIBLE	covered
pkg/presentation/http/handlers.GetContactsHandler.ServeHTTP	ELIGIBLE	covered
pkg/presentation/http/handlers.GetGroupInfoHandler.ServeHTTP	ELIGIBLE	covered
pkg/presentation/http/handlers.GetGroupInviteInfoHandler.ServeHTTP	ELIGIBLE	covered
pkg/presentation/http/handlers.GetGroupInviteLinkHandler.ServeHTTP	ELIGIBLE	covered
pkg/presentation/http/handlers.GetGroupRequestParticipantsHandler.ServeHTTP	ELIGIBLE	covered
pkg/presentation/http/handlers.GetHealthHandler.ServeHTTP	ELIGIBLE	covered
pkg/presentation/http/handlers.GetHistoryHandler.ServeHTTP	ELIGIBLE	covered
pkg/presentation/http/handlers.GetHmacConfigHandler.ServeHTTP	ELIGIBLE	covered
pkg/presentation/http/handlers.GetPrivacySettingsHandler.ServeHTTP	ELIGIBLE	covered
pkg/presentation/http/handlers.GetQRHandler.ServeHTTP	ELIGIBLE	covered
pkg/presentation/http/handlers.GetS3ConfigHandler.ServeHTTP	ELIGIBLE	covered
pkg/presentation/http/handlers.GetStatusHandler.ServeHTTP	ELIGIBLE	covered
pkg/presentation/http/handlers.GetUserInfoHandler.ServeHTTP	ELIGIBLE	covered
pkg/presentation/http/handlers.GetWebhookHandler.ServeHTTP	ELIGIBLE	covered
pkg/presentation/http/handlers.GetWebhookHandler.ServeHTTP.func1	ELIGIBLE	covered
pkg/presentation/http/handlers.JPEGThumbnail	ELIGIBLE	uncovered:L1;uncovered:L2(S-ret,thumbnail.go:16)
pkg/presentation/http/handlers.ListGroupsHandler.ServeHTTP	ELIGIBLE	covered
pkg/presentation/http/handlers.ListNewsletterHandler.ServeHTTP	ELIGIBLE	covered
pkg/presentation/http/handlers.LogoutHandler.ServeHTTP	ELIGIBLE	covered
pkg/presentation/http/handlers.MarkReadHandler.ServeHTTP	ELIGIBLE	covered
pkg/presentation/http/handlers.NewArchiveChatHandler	EXCLUDED	X1
pkg/presentation/http/handlers.NewChatPresenceHandler	EXCLUDED	X1
pkg/presentation/http/handlers.NewConfigureHmacHandler	EXCLUDED	X1
pkg/presentation/http/handlers.NewConfigureS3Handler	EXCLUDED	X1
pkg/presentation/http/handlers.NewConnectHandler	EXCLUDED	X1
pkg/presentation/http/handlers.NewDeleteHmacConfigHandler	EXCLUDED	X1
pkg/presentation/http/handlers.NewDeleteMessageHandler	EXCLUDED	X1
pkg/presentation/http/handlers.NewDeleteS3ConfigHandler	EXCLUDED	X1
pkg/presentation/http/handlers.NewDeleteUserCompleteHandler	EXCLUDED	X1
pkg/presentation/http/handlers.NewDeleteWebhookHandler	EXCLUDED	X1
pkg/presentation/http/handlers.NewDisconnectHandler	EXCLUDED	X1
pkg/presentation/http/handlers.NewDownloadAudioHandler	EXCLUDED	X1
pkg/presentation/http/handlers.NewDownloadDocumentHandler	EXCLUDED	X1
pkg/presentation/http/handlers.NewDownloadImageHandler	EXCLUDED	X1
pkg/presentation/http/handlers.NewDownloadStickerHandler	EXCLUDED	X1
pkg/presentation/http/handlers.NewDownloadVideoHandler	EXCLUDED	X1
pkg/presentation/http/handlers.NewGetAvatarHandler	EXCLUDED	X1
pkg/presentation/http/handlers.NewGetBlocklistHandler	EXCLUDED	X1
pkg/presentation/http/handlers.NewGetContactsHandler	EXCLUDED	X1
pkg/presentation/http/handlers.NewGetGroupInfoHandler	EXCLUDED	X1
pkg/presentation/http/handlers.NewGetGroupInviteInfoHandler	EXCLUDED	X1
pkg/presentation/http/handlers.NewGetGroupInviteLinkHandler	EXCLUDED	X1
pkg/presentation/http/handlers.NewGetGroupRequestParticipantsHandler	EXCLUDED	X1
pkg/presentation/http/handlers.NewGetHealthHandler	EXCLUDED	X1
pkg/presentation/http/handlers.NewGetHistoryHandler	EXCLUDED	X1
pkg/presentation/http/handlers.NewGetHmacConfigHandler	EXCLUDED	X1
pkg/presentation/http/handlers.NewGetPrivacySettingsHandler	EXCLUDED	X1
pkg/presentation/http/handlers.NewGetQRHandler	EXCLUDED	X1
pkg/presentation/http/handlers.NewGetS3ConfigHandler	EXCLUDED	X1
pkg/presentation/http/handlers.NewGetStatusHandler	EXCLUDED	X1
pkg/presentation/http/handlers.NewGetUserInfoHandler	EXCLUDED	X1
pkg/presentation/http/handlers.NewGetWebhookHandler	EXCLUDED	X1
pkg/presentation/http/handlers.NewGroupManagementHandlers	EXCLUDED	X1
pkg/presentation/http/handlers.NewListGroupsHandler	EXCLUDED	X1
pkg/presentation/http/handlers.NewListNewsletterHandler	EXCLUDED	X1
pkg/presentation/http/handlers.NewLogoutHandler	EXCLUDED	X1
pkg/presentation/http/handlers.NewMarkReadHandler	EXCLUDED	X1
pkg/presentation/http/handlers.NewPairPhoneHandler	EXCLUDED	X1
pkg/presentation/http/handlers.NewReactHandler	EXCLUDED	X1
pkg/presentation/http/handlers.NewRejectCallHandler	EXCLUDED	X1
pkg/presentation/http/handlers.NewRequestHistorySyncHandler	EXCLUDED	X1
pkg/presentation/http/handlers.NewRequestUnavailableMessageHandler	EXCLUDED	X1
pkg/presentation/http/handlers.NewSendAudioHandler	EXCLUDED	X1
pkg/presentation/http/handlers.NewSendButtonsHandler	EXCLUDED	X1
pkg/presentation/http/handlers.NewSendContactHandler	EXCLUDED	X1
pkg/presentation/http/handlers.NewSendDocumentHandler	EXCLUDED	X1
pkg/presentation/http/handlers.NewSendEditMessageHandler	EXCLUDED	X1
pkg/presentation/http/handlers.NewSendImageHandler	EXCLUDED	X1
pkg/presentation/http/handlers.NewSendListHandler	EXCLUDED	X1
pkg/presentation/http/handlers.NewSendLocationHandler	EXCLUDED	X1
pkg/presentation/http/handlers.NewSendMessageHandler	EXCLUDED	X1
pkg/presentation/http/handlers.NewSendPollHandler	EXCLUDED	X1
pkg/presentation/http/handlers.NewSendPresenceHandler	EXCLUDED	X1
pkg/presentation/http/handlers.NewSendStickerHandler	EXCLUDED	X1
pkg/presentation/http/handlers.NewSendTemplateHandler	EXCLUDED	X1
pkg/presentation/http/handlers.NewSendVideoHandler	EXCLUDED	X1
pkg/presentation/http/handlers.NewSetGroupJoinApprovalModeHandler	EXCLUDED	X1
pkg/presentation/http/handlers.NewSetHistoryHandler	EXCLUDED	X1
pkg/presentation/http/handlers.NewSetPrivacySettingHandler	EXCLUDED	X1
pkg/presentation/http/handlers.NewSetProxyHandler	EXCLUDED	X1
pkg/presentation/http/handlers.NewSetStatusMessageHandler	EXCLUDED	X1
pkg/presentation/http/handlers.NewSetWebhookHandler	EXCLUDED	X1
pkg/presentation/http/handlers.NewSubscribePresenceHandler	EXCLUDED	X1
pkg/presentation/http/handlers.NewTestS3ConnectionHandler	EXCLUDED	X1
pkg/presentation/http/handlers.NewUpdateGroupRequestParticipantsHandler	EXCLUDED	X1
pkg/presentation/http/handlers.NewUpdateWebhookHandler	EXCLUDED	X1
pkg/presentation/http/handlers.NewUserHandlers	EXCLUDED	X1
pkg/presentation/http/handlers.NewWSHandler	EXCLUDED	X1
pkg/presentation/http/handlers.PairPhoneHandler.ServeHTTP	ELIGIBLE	covered
pkg/presentation/http/handlers.ReactHandler.ServeHTTP	ELIGIBLE	covered
pkg/presentation/http/handlers.RejectCallHandler.ServeHTTP	ELIGIBLE	covered
pkg/presentation/http/handlers.RequestHistorySyncHandler.ServeHTTP	ELIGIBLE	covered
pkg/presentation/http/handlers.RequestUnavailableMessageHandler.ServeHTTP	ELIGIBLE	covered
pkg/presentation/http/handlers.SendAudioHandler.ServeHTTP	ELIGIBLE	covered
pkg/presentation/http/handlers.SendButtonsHandler.ServeHTTP	ELIGIBLE	covered
pkg/presentation/http/handlers.SendContactHandler.ServeHTTP	ELIGIBLE	covered
pkg/presentation/http/handlers.SendDocumentHandler.ServeHTTP	ELIGIBLE	covered
pkg/presentation/http/handlers.SendEditMessageHandler.ServeHTTP	ELIGIBLE	covered
pkg/presentation/http/handlers.SendImageHandler.ServeHTTP	ELIGIBLE	covered
pkg/presentation/http/handlers.SendListHandler.ServeHTTP	ELIGIBLE	covered
pkg/presentation/http/handlers.SendLocationHandler.ServeHTTP	ELIGIBLE	covered
pkg/presentation/http/handlers.SendMessageHandler.ServeHTTP	ELIGIBLE	covered
pkg/presentation/http/handlers.SendPollHandler.ServeHTTP	ELIGIBLE	covered
pkg/presentation/http/handlers.SendPresenceHandler.ServeHTTP	ELIGIBLE	covered
pkg/presentation/http/handlers.SendStickerHandler.ServeHTTP	ELIGIBLE	covered
pkg/presentation/http/handlers.SendTemplateHandler.ServeHTTP	ELIGIBLE	covered
pkg/presentation/http/handlers.SendVideoHandler.ServeHTTP	ELIGIBLE	covered
pkg/presentation/http/handlers.SetGroupJoinApprovalModeHandler.ServeHTTP	ELIGIBLE	covered
pkg/presentation/http/handlers.SetHistoryHandler.ServeHTTP	ELIGIBLE	covered
pkg/presentation/http/handlers.SetPrivacySettingHandler.ServeHTTP	ELIGIBLE	covered
pkg/presentation/http/handlers.SetProxyHandler.ServeHTTP	ELIGIBLE	covered
pkg/presentation/http/handlers.SetStatusMessageHandler.ServeHTTP	ELIGIBLE	covered
pkg/presentation/http/handlers.SetWebhookHandler.ServeHTTP	ELIGIBLE	covered
pkg/presentation/http/handlers.SubscribePresenceHandler.ServeHTTP	ELIGIBLE	covered
pkg/presentation/http/handlers.TestS3ConnectionHandler.ServeHTTP	ELIGIBLE	covered
pkg/presentation/http/handlers.UpdateGroupRequestParticipantsHandler.ServeHTTP	ELIGIBLE	covered
pkg/presentation/http/handlers.UpdateWebhookHandler.ServeHTTP	ELIGIBLE	covered
pkg/presentation/http/handlers.UserHandlers.AddUser	EXCLUDED	X1
pkg/presentation/http/handlers.UserHandlers.AddUser.func1	ELIGIBLE	covered
pkg/presentation/http/handlers.UserHandlers.BlockUser	EXCLUDED	X1
pkg/presentation/http/handlers.UserHandlers.BlockUser.func1	ELIGIBLE	covered
pkg/presentation/http/handlers.UserHandlers.CheckUser	EXCLUDED	X1
pkg/presentation/http/handlers.UserHandlers.CheckUser.func1	ELIGIBLE	covered
pkg/presentation/http/handlers.UserHandlers.DeleteUser	EXCLUDED	X1
pkg/presentation/http/handlers.UserHandlers.DeleteUser.func1	ELIGIBLE	covered
pkg/presentation/http/handlers.UserHandlers.EditUser	EXCLUDED	X1
pkg/presentation/http/handlers.UserHandlers.EditUser.func1	ELIGIBLE	covered
pkg/presentation/http/handlers.UserHandlers.GetUser	EXCLUDED	X1
pkg/presentation/http/handlers.UserHandlers.GetUser.func1	ELIGIBLE	covered
pkg/presentation/http/handlers.UserHandlers.GetUserLID	EXCLUDED	X1
pkg/presentation/http/handlers.UserHandlers.GetUserLID.func1	ELIGIBLE	covered
pkg/presentation/http/handlers.UserHandlers.ListUsers	EXCLUDED	X1
pkg/presentation/http/handlers.UserHandlers.ListUsers.func1	ELIGIBLE	covered
pkg/presentation/http/handlers.UserHandlers.UnblockUser	EXCLUDED	X1
pkg/presentation/http/handlers.UserHandlers.UnblockUser.func1	ELIGIBLE	covered
pkg/presentation/http/handlers.WSHandler.ServeHTTP	ELIGIBLE	uncovered:L2(S-consume,handler_session_ws.go:71)
pkg/presentation/http/handlers.decodeAndRespond	ELIGIBLE	covered
pkg/presentation/http/handlers.groupHandler.ServeHTTP	ELIGIBLE	uncovered:L1
pkg/presentation/http/handlers.handleCreateGroup	ELIGIBLE	covered
pkg/presentation/http/handlers.handleGroupJoin	ELIGIBLE	covered
pkg/presentation/http/handlers.handleGroupLeave	ELIGIBLE	covered
pkg/presentation/http/handlers.handleRemoveGroupPhoto	ELIGIBLE	covered
pkg/presentation/http/handlers.handleSetDisappearingTimer	ELIGIBLE	covered
pkg/presentation/http/handlers.handleSetGroupAnnounce	ELIGIBLE	covered
pkg/presentation/http/handlers.handleSetGroupLocked	ELIGIBLE	covered
pkg/presentation/http/handlers.handleSetGroupName	ELIGIBLE	covered
pkg/presentation/http/handlers.handleSetGroupPhoto	ELIGIBLE	covered
pkg/presentation/http/handlers.handleSetGroupTopic	ELIGIBLE	covered
pkg/presentation/http/handlers.handleUpdateGroupParticipants	ELIGIBLE	covered
pkg/presentation/http/handlers.isClientCausedSessionError	EXCLUDED	X1
pkg/presentation/http/handlers.newGroupHandler	EXCLUDED	X1
pkg/presentation/http/handlers.rejectMissingField	ELIGIBLE	covered
pkg/presentation/http/handlers.sessionUser	ELIGIBLE	covered
pkg/presentation/http/handlers.simpleErr.Error	EXCLUDED	X4
pkg/presentation/http/middleware.AuthAdmin	EXCLUDED	X1
pkg/presentation/http/middleware.AuthAdmin.func1	EXCLUDED	X1
pkg/presentation/http/middleware.AuthAdmin.func2	ELIGIBLE	covered
pkg/presentation/http/middleware.AuthAlice	EXCLUDED	X1
pkg/presentation/http/middleware.AuthAlice.func1	EXCLUDED	X1
pkg/presentation/http/middleware.AuthAlice.func2	ELIGIBLE	covered
pkg/presentation/http/middleware.AuthAlice.func3	ELIGIBLE	covered
pkg/presentation/http/middleware.NewValues	EXCLUDED	X1
pkg/presentation/http/middleware.ResolveConnectEvents	ELIGIBLE	covered
pkg/presentation/http/middleware.Values.Get	EXCLUDED	X1
pkg/presentation/http/middleware.extractRequestToken	ELIGIBLE	covered
